{"vertices":[[47,10],[18,116],[23,17],[25,33],[33,111],[37,113],[30,39],[0,85],[36,90],[41,89],[47,57],[65,45],[9,77],[30,84],[51,94],[57,104],[43,118],[54,110],[64,101],[97,39],[0,57],[55,121],[57,116],[61,99],[62,94],[96,51],[59,111],[66,77],[103,41],[112,26],[105,29],[31,149],[81,81],[38,152],[43,150],[48,148],[21,145],[96,78],[105,63],[98,13],[48,165],[108,75],[18,162],[99,89],[107,114],[138,43],[176,51],[126,88],[171,56],[114,91],[133,98],[143,58],[150,49],[131,104],[156,54],[156,59],[96,113],[155,61],[146,113],[144,90],[199,33],[162,78],[161,114],[119,123],[103,127],[152,84],[159,93],[158,103],[126,124],[106,133],[128,130],[170,92],[171,103],[161,134],[203,55],[200,56],[178,73],[171,81],[178,120],[168,134],[164,80],[179,127],[205,66],[195,130],[170,76],[198,137],[194,140],[209,124],[150,160],[180,158],[148,176],[155,161]]}