{"vertices":[[21,78],[39,63],[52,37],[36,82],[21,57],[90,137],[81,146],[89,37],[67,56],[46,52],[58,78],[89,138],[78,106],[84,124],[70,65],[98,51],[75,74],[83,166],[80,65],[77,55],[54,66],[75,82],[60,79],[87,74],[83,46],[86,138],[84,80],[64,74],[86,152],[67,79],[66,83],[79,88],[79,92],[74,87],[62,82],[79,126],[69,92],[81,81],[68,97],[99,160],[81,103],[63,94],[83,88],[61,100],[82,109],[91,118],[75,114],[66,101],[68,128],[93,137],[84,123],[114,167],[94,105],[74,117],[119,143],[102,142],[50,146],[70,125],[60,136],[112,147],[127,154],[61,119],[68,109],[49,147],[30,157]]}