{"vertices":[[50,117],[95,105],[80,65],[63,98],[2,43],[76,83],[18,49],[69,60],[38,52],[28,45],[55,66],[58,76],[48,60],[28,68],[50,61],[56,69],[54,64],[29,33],[20,81],[44,52],[52,50],[50,55],[39,28],[50,49],[58,54],[43,58],[23,66],[47,37],[38,18],[65,47],[52,8],[72,36],[77,47],[77,66],[98,23],[100,69]]}