{"vertices":[[46,80],[51,80],[50,100],[52,96],[43,67],[52,70],[56,69],[85,87],[49,69],[50,67],[45,64],[80,75],[44,61],[61,113],[98,117],[78,82],[60,119],[81,85],[53,51],[69,96],[98,107],[77,102],[70,92],[84,77],[115,99],[82,104],[103,93],[57,61],[54,62],[55,74],[88,98],[80,83],[97,91],[79,88],[87,103],[77,83],[55,69],[63,68],[82,90],[113,85],[83,115],[67,68],[96,117],[80,118],[82,82],[94,96],[125,89],[93,122],[83,80],[73,61],[79,72],[101,125],[84,70],[138,87],[104,128],[79,55],[97,83],[105,122],[110,132],[108,119],[71,69],[87,60],[129,91],[87,64],[105,71],[104,39],[120,117],[113,87],[105,31],[93,73],[121,123],[102,87],[92,85],[110,97],[81,86],[142,144],[136,128],[74,84],[91,36],[138,125],[84,39],[120,96],[97,113],[91,45],[93,102],[67,93],[96,57],[90,104],[96,109],[64,87],[94,51],[87,108],[97,62],[82,101],[102,70],[84,100],[82,92],[81,102],[106,101],[111,101],[94,70],[91,70],[50,88],[46,86],[102,79],[97,97],[107,112],[104,84],[102,91],[101,115],[40,94],[37,92],[40,104]]}