{"vertices":[[96,39],[122,38],[87,117],[116,71],[121,43],[108,62],[67,140],[107,92],[89,83],[80,58],[93,99],[88,117],[62,38],[92,68],[107,63],[62,80],[90,87],[101,128],[100,90],[126,103],[120,72],[60,69],[36,71],[114,101],[122,103],[123,72],[158,139],[150,81],[141,49],[146,54],[128,128],[161,83],[149,107],[164,31],[168,62],[133,161],[160,88],[187,73],[173,123],[144,131],[193,103],[207,46],[212,85],[207,75],[211,15],[232,107],[198,102],[223,48]]}