{"vertices":[[42,34],[129,60],[60,64],[124,85],[127,54],[137,31],[63,64],[101,32],[119,44],[36,88],[105,66],[98,65],[101,97],[114,181],[71,95],[116,150],[125,119],[102,100],[94,130],[165,82],[92,129],[78,173],[148,110],[121,151],[93,132],[124,119],[180,56],[59,130],[94,138],[168,83],[148,136],[174,102],[154,111],[124,116],[91,133],[93,126],[195,93],[61,148],[167,154],[175,126],[171,100],[191,173],[195,145]]}