{"vertices":[[27,28],[54,7],[42,51],[46,77],[62,30],[103,85],[66,58],[100,56],[72,84],[49,109],[102,64],[61,85],[76,73],[21,83],[97,89],[92,78],[106,109],[126,59],[101,62],[97,62],[47,54],[80,48],[112,86],[119,76],[114,81],[111,45],[108,102],[88,78],[110,15],[115,110],[122,108],[145,39],[122,46],[136,74],[124,137],[129,69],[118,73],[128,77],[116,96],[161,68],[136,36],[144,82],[137,65],[129,102],[114,46],[106,81],[138,91],[144,79],[150,88],[167,89],[211,67],[179,115],[185,71],[139,123],[132,104],[148,62],[232,89],[197,93],[218,114],[169,89],[195,97],[176,117]]}