{"vertices":[[142,80],[145,64],[129,42],[124,83],[129,89],[123,93],[119,113],[110,46],[110,88],[111,56],[119,54],[111,82],[98,81],[116,75],[100,87],[96,109],[33,91],[91,89],[73,64],[86,53],[78,59],[84,92],[60,51],[62,63],[65,69],[47,87],[91,93],[112,93],[62,101],[71,63],[70,52],[51,38],[57,47],[65,56],[61,96],[92,109],[86,116],[103,113],[61,125],[109,116],[121,121],[93,133],[117,120],[116,127],[109,142],[133,125],[76,124],[82,132],[113,128],[77,143],[147,138],[104,115],[91,129],[122,112],[131,108]]}