{"vertices":[[175,40],[19,117],[203,32],[23,98],[35,147],[74,139],[18,79],[81,162],[45,109],[35,175],[133,23],[147,48],[109,96],[98,78],[42,110],[108,11],[99,65],[185,52],[134,68],[58,159],[48,133],[9,173],[42,84],[121,68],[81,56],[95,99],[65,119],[54,198],[162,72],[113,91],[134,50],[124,27],[116,112],[32,155],[6,149],[115,90],[97,119],[26,199],[137,67],[88,119],[75,139],[96,77],[115,109],[136,76],[114,113],[34,218],[55,156],[118,137],[83,161],[145,45],[47,191],[160,59],[72,184],[134,104],[53,196],[104,136],[81,162],[160,68],[91,178],[156,95],[71,176],[67,180],[65,204],[105,160],[128,132],[139,80],[106,195],[105,187],[151,223],[189,78],[95,186],[84,197],[58,225],[128,170],[184,85],[156,256],[103,186],[96,213],[83,218],[225,201],[208,96],[128,203],[203,66],[129,246],[202,174],[88,194],[131,173],[103,188],[251,221],[167,162],[150,224],[221,117],[220,202],[159,193],[248,87],[195,142],[177,219],[186,176],[220,164],[219,93],[188,106],[203,203],[205,236],[215,160],[213,131],[215,124],[224,161],[250,138]]}