{"vertices":[[45,139],[47,146],[48,50],[49,128],[49,97],[50,134],[50,47],[52,141],[52,101],[53,119],[53,110],[53,95],[54,147],[54,80],[55,133],[56,99],[56,69],[56,50],[57,137],[58,142],[58,98],[58,47],[59,120],[59,109],[59,53],[60,96],[61,119],[61,110],[61,100],[61,76],[61,71],[63,131],[63,77],[64,70],[64,55],[66,117],[66,109],[66,100],[66,97],[66,53],[67,124],[68,46],[69,77],[70,71],[72,56],[73,92],[73,49],[76,100]]}