{"vertices":[[80,154],[92,134],[100,146],[103,152],[74,168],[83,150],[92,167],[77,166],[54,156],[72,145],[80,116],[63,134],[117,195],[98,107],[77,93],[58,96],[67,83],[104,178],[97,196],[84,106],[87,93],[84,140],[95,160],[75,83],[99,92],[91,93],[85,81],[78,116],[60,146],[83,177],[103,80],[53,88],[106,175],[91,107],[77,64],[106,158],[122,74],[58,67],[70,197],[73,48],[105,114],[127,161],[93,194],[107,100],[118,92],[36,150],[56,133],[151,162],[116,142],[177,156],[44,51],[201,211],[58,34],[80,209],[151,155],[54,218],[203,163],[136,141],[186,182],[177,150],[198,140],[175,145],[186,179],[174,152],[200,132],[170,130],[170,126],[208,100],[197,126],[188,98],[209,68]]}