{"vertices":[[50,105],[93,77],[352,293],[305,197],[298,256],[286,234],[328,250],[63,131],[77,177],[345,338],[258,264],[267,198],[101,100],[147,72],[109,102],[38,162],[113,187],[154,93],[314,294],[112,171],[91,181],[241,228],[223,209],[152,128],[293,262],[138,97],[125,193],[307,345],[119,176],[136,201],[250,153],[157,111],[106,160],[141,189],[182,116],[141,163],[127,137],[270,241],[176,92],[137,173],[210,205],[246,224],[192,203],[209,149],[84,157],[126,179],[170,157],[160,123],[157,184],[184,138],[136,173],[122,184],[252,176],[202,138],[167,154],[205,163],[208,103],[192,231],[249,216],[193,177],[188,168],[144,200],[166,186],[208,178],[203,193],[209,204],[215,196],[122,198],[188,171],[215,190],[202,177],[169,222],[204,172],[137,175],[141,216],[175,212],[189,208],[191,197],[200,197],[204,142],[207,196],[196,186],[137,233],[212,205],[175,198],[167,178],[155,230],[178,209],[203,185],[237,163],[115,173],[135,172],[150,230],[193,168],[181,200],[159,187],[242,178],[216,204],[159,241],[146,249],[178,216],[215,219],[233,222],[257,250],[169,210],[231,234],[208,189],[199,217],[135,222],[180,218],[194,252],[132,225],[152,198],[217,174],[182,166],[119,237],[202,146],[178,239],[202,187],[185,279],[219,195],[145,235],[243,199],[197,189],[197,302],[259,215],[205,188],[198,223],[190,297],[105,216],[173,226],[217,154],[224,298],[222,311],[159,248],[245,346],[240,201],[187,268],[165,256],[177,286],[162,271],[173,292],[167,270],[149,271],[187,152],[175,295],[201,249],[272,174],[208,269],[207,197],[171,289],[158,322],[185,268],[158,324],[120,272],[154,295],[221,123],[185,274],[143,306],[253,320],[191,277],[187,314],[199,272],[158,279],[81,296],[256,308],[151,319],[226,298],[160,302],[163,342],[162,336],[161,370],[193,296],[175,314],[170,292],[182,343],[196,307],[166,322],[189,307],[150,295],[164,320],[154,318],[47,308],[206,319],[181,324],[142,345],[156,332],[196,330],[72,326],[135,348],[175,309],[163,266],[194,298],[167,308],[191,320],[147,333],[129,319],[215,325],[137,321],[180,281],[192,321],[111,318],[170,331],[144,297],[99,345],[206,363],[125,284],[103,311],[112,372],[97,340],[122,332],[89,271],[126,411],[73,365],[102,400]]}