{"vertices":[[20,108],[16,48],[28,72],[35,91],[31,24],[40,64],[40,38],[39,70],[52,56],[48,45],[54,69],[53,79],[61,88],[48,105],[61,67],[60,77],[63,81],[58,40],[58,116],[71,64],[75,75],[72,79],[69,43],[77,60],[79,69],[70,86],[70,107],[76,51],[78,38],[91,62],[77,22],[97,84],[102,58],[93,52],[107,111],[108,35]]}