{"vertices":[[61,252],[39,219],[38,224],[10,195],[74,207],[71,171],[45,189],[66,46],[50,187],[91,54],[100,179],[127,203],[72,70],[77,167],[50,156],[104,50],[83,78],[45,128],[78,155],[74,101],[142,179],[52,164],[129,44],[179,83],[109,80],[25,167],[160,65],[64,132],[78,122],[20,129],[113,168],[135,71],[97,104],[3,150],[179,106],[60,103],[49,109],[155,89],[11,99],[109,69],[14,127],[40,82],[88,78],[99,129],[83,107],[159,66],[134,72]]}