{"vertices":[[72,167],[52,233],[90,216],[71,231],[61,233],[82,205],[109,176],[56,201],[25,240],[74,258],[79,211],[81,203],[79,178],[70,228],[43,200],[33,203],[73,195],[53,211],[43,262],[65,188],[62,217],[45,235],[45,258],[64,232],[59,198],[41,226],[60,234],[47,205],[38,217],[28,221],[46,230],[39,236],[81,208],[70,245],[64,240],[71,223],[52,210],[31,215],[31,219],[37,194],[50,178],[57,215],[27,191],[49,218],[42,222],[54,200],[44,220],[61,213],[65,213],[61,202],[66,241],[76,182],[54,200],[15,226],[48,200],[90,236],[17,244],[69,212],[53,246],[62,222],[68,241],[46,240],[65,233],[40,219],[45,223],[88,223],[95,207],[92,209],[51,195],[124,221],[50,229],[54,210],[63,213],[55,217],[67,225],[35,223],[68,196],[45,232],[36,211],[56,191],[66,241],[44,216],[72,215],[45,190],[76,235],[75,213],[54,222],[74,211],[67,209],[67,228],[57,234],[43,221],[56,233],[68,217],[42,229],[92,212],[63,218],[40,190],[62,210],[95,244],[45,201],[45,221],[52,213],[46,223],[60,212],[75,185],[39,229],[36,223],[55,217],[73,233],[52,246],[47,193],[33,213],[36,222],[53,241],[57,203],[43,197],[72,232],[63,211],[46,197],[53,243],[80,220],[39,255],[36,177],[38,195],[35,231],[55,175],[67,210],[46,191],[48,179],[61,188],[69,237],[63,217],[47,195],[52,220],[70,251],[82,238],[68,221]]}