{"vertices":[[57,66],[52,67],[44,98],[47,176],[31,64],[24,198],[20,147],[47,104],[79,83],[76,29],[37,68],[23,112],[20,38],[48,140],[86,9],[45,172],[67,55],[81,119],[115,163],[106,217],[91,193],[87,230],[88,37],[141,172],[54,134],[78,152],[75,86],[67,147],[120,191],[96,209],[167,193],[98,63],[113,218],[94,171],[87,121],[97,178],[98,182],[189,211],[69,58],[111,144],[91,117],[146,178],[173,163],[121,192],[120,163],[79,160],[196,185],[141,144],[166,119],[118,136],[101,143],[140,113],[115,129],[138,112],[133,136],[124,165],[151,83],[153,80],[163,53],[171,108],[183,75],[183,76]]}