{"vertices":[[18,45],[16,52],[18,67],[12,71],[23,34],[23,41],[23,55],[23,62],[19,74],[28,29],[30,36],[29,44],[29,51],[29,65],[26,71],[35,28],[37,34],[35,41],[35,55],[35,62],[38,34],[37,41],[35,48],[41,51],[37,56],[44,58],[45,30],[45,41],[43,48],[37,58],[44,58],[46,66],[52,29],[49,35],[44,55],[43,62],[50,55],[52,62],[57,24],[48,42],[44,48],[48,57],[55,59],[57,31],[53,37],[37,48],[43,52],[60,63],[67,65],[48,42],[41,43],[50,55],[57,57],[73,61],[46,48],[53,48],[64,58],[70,54]]}