{"vertices":[[36,138],[31,130],[43,136],[39,131],[124,162],[123,172],[81,150],[125,173],[134,176],[105,109],[101,99],[57,90],[111,117],[98,124],[109,108],[170,185],[179,115],[77,188],[104,86],[91,120],[89,44],[83,82],[155,149],[103,65],[153,62],[119,38],[115,133],[126,84],[141,94],[135,84],[157,82],[154,42],[135,99],[143,75],[157,75],[148,93],[171,69],[138,13],[174,98],[164,70],[123,95],[179,62],[168,65],[173,39],[192,12],[174,62],[187,63],[195,41],[168,60]]}