{"vertices":[[17,59],[22,56],[24,52],[23,37],[34,54],[13,22],[12,6],[10,5],[31,42],[16,14],[13,10],[44,55],[15,10],[33,8],[32,6],[50,51],[23,14],[27,10],[54,58],[45,45],[26,6],[59,58],[29,18],[57,48],[48,7],[46,8],[51,12],[59,34],[52,6],[66,8],[66,6],[54,10],[52,11],[65,11],[58,13],[72,6],[62,12],[65,25],[75,25]]}