{"vertices":[[19,17],[20,41],[0,30],[7,22],[21,41]]}