{"vertices":[[2,39],[33,53],[33,19],[3,36],[2,1]]}