{"vertices":[[21,38],[33,27],[12,37],[16,34],[38,31],[31,33],[15,50],[26,41],[30,38],[28,23],[32,21],[15,35],[33,18],[27,16],[65,91],[51,87],[41,89],[38,18],[29,21],[34,33],[31,20],[34,16],[48,44],[40,78],[29,29],[28,24],[47,93],[38,68],[40,63],[34,24],[21,27],[33,52],[34,29],[26,25],[65,22],[30,35],[26,32],[51,49],[60,51],[57,55],[40,34],[86,47],[48,52]]}