{"vertices":[[27,54],[39,81],[6,83],[38,80],[27,58],[24,65],[24,32],[18,60],[32,39],[29,38],[44,60],[55,24]]}