{"vertices":[[19,29],[19,45],[24,47],[5,26],[16,19],[10,5],[30,61],[16,5],[21,3],[9,8],[17,22],[6,27],[28,60]]}