{"vertices":[[0,22],[13,88],[11,62],[25,35],[25,35],[32,71],[36,9],[50,28],[47,52]]}