{"vertices":[[0,44],[16,31],[4,52],[3,68],[23,53],[3,75],[26,81],[27,77],[11,64],[48,66],[38,56],[30,54],[66,51],[46,34]]}