{"vertices":[[14,0],[16,10],[3,91],[21,13],[15,31],[10,60],[10,98],[28,4],[24,24],[31,15],[9,71],[38,6],[34,26],[41,17],[27,35],[11,60],[0,96],[9,92],[58,33],[48,35]]}