{"vertices":[[37,36],[59,18],[19,58],[46,5],[14,84],[37,36],[26,58],[29,60],[14,14],[9,48],[54,69]]}