{"vertices":[[57,61],[66,41],[45,81],[81,21],[62,64],[69,86],[65,41],[51,31],[72,43],[75,90],[84,104],[68,61],[40,57],[40,57],[73,89],[59,113],[14,68],[77,108]]}