{"vertices":[[50,1],[64,73],[21,64],[48,23],[39,63],[41,57],[39,47],[22,53],[33,40],[30,51],[26,40],[30,31],[25,31],[9,44],[19,41],[36,35],[31,35],[28,40],[5,31],[20,31],[24,40],[27,44],[24,30],[19,38],[28,34],[20,43],[1,45],[33,36],[32,24],[15,52],[47,21],[47,42],[9,62],[11,24],[75,41],[1,5]]}