{"vertices":[[31,100],[56,100],[43,72],[12,42],[68,79],[34,30],[36,48],[68,50],[67,50],[61,38],[66,21],[98,66],[99,36],[126,83],[125,51]]}