{"vertices":[[52,15],[92,54],[107,52],[106,47],[8,51],[67,46],[21,64],[88,35],[30,68],[35,47],[33,62],[25,83],[92,56],[33,62],[35,77],[39,89],[117,40],[106,50],[54,84],[81,0],[64,83],[78,60],[82,74],[54,95],[110,59],[109,74],[93,57],[97,71],[64,106],[115,88],[78,114],[88,116],[94,84],[116,34],[99,130],[103,103],[128,66],[89,103],[103,108]]}