{"vertices":[[43,27],[68,42],[110,29],[62,8],[86,36],[118,22],[20,63],[36,4],[37,60],[67,39],[18,69],[10,63],[12,88],[11,72],[104,58],[9,95],[91,11],[13,117],[11,102],[36,84],[50,49],[20,120],[21,114],[30,30],[27,116],[53,66],[61,76],[45,85],[39,108],[106,91],[45,79],[69,32],[74,84],[52,47]]}