{"vertices":[[18,63],[19,56],[23,36],[17,32],[16,76],[19,69],[23,50],[25,43],[11,27],[30,75],[23,73],[23,63],[26,56],[22,37],[16,33],[37,75],[26,66],[29,59],[29,49],[27,42],[35,68],[32,61],[34,54],[36,47],[32,38],[31,31],[36,60],[37,54],[38,47],[38,39],[37,32],[38,27],[38,53],[42,48],[42,41],[44,34],[41,26],[43,32],[44,52],[49,47],[49,40],[47,27],[45,20],[49,47],[56,48],[56,38],[53,31],[47,13],[44,6],[63,51],[60,44],[56,24],[53,17],[51,6],[56,38],[58,31],[55,10],[58,3]]}