{"vertices":[[64,20],[67,26],[67,39],[66,46],[61,16],[58,22],[69,33],[62,35],[59,47],[61,9],[55,13],[55,28],[62,30],[56,39],[52,45],[55,7],[52,20],[49,26],[55,32],[50,36],[48,9],[46,16],[42,27],[48,31],[51,43],[45,46],[44,2],[38,14],[37,21],[43,38],[43,45],[39,52],[42,8],[35,7],[34,27],[38,32],[36,47],[43,46],[36,4],[34,14],[36,21],[31,34],[32,41],[29,4],[27,11],[29,22],[26,28],[29,35],[25,41],[22,17],[22,24],[20,33],[23,39],[18,42],[15,23],[13,30],[16,40],[11,45]]}