{"vertices":[[110,97],[125,116],[29,20],[106,72],[46,46],[108,98],[54,33],[97,124],[0,66],[68,65],[74,36],[71,10],[32,49],[78,103],[79,98],[30,77],[51,36],[82,90],[89,124],[60,55],[102,80],[62,73],[62,66],[54,83],[105,107],[91,46],[81,76],[147,71],[29,72],[81,91],[80,96],[152,129],[141,95],[145,101],[28,109],[177,89],[112,146],[111,88],[63,65],[152,168],[79,88],[139,68],[105,111],[151,81],[168,61],[51,90],[53,131],[148,134],[58,99],[131,138],[178,85],[111,91],[141,100],[202,64],[152,107],[173,84],[166,70],[185,47],[180,47],[210,52],[190,74],[213,92],[235,76]]}