{"vertices":[[51,0],[56,1],[43,5],[31,12],[49,11],[21,25],[10,25],[12,25],[32,21],[15,31],[14,26],[49,20],[9,31],[15,39],[15,37],[50,28],[14,38],[9,39],[59,20],[43,31],[9,35],[55,18],[16,45],[40,43],[0,76],[2,76],[8,66],[33,58],[3,73],[5,77],[7,77],[6,70],[7,73],[8,76],[2,71],[13,77],[6,70],[29,68],[23,77]]}