{"vertices":[[7,53],[21,45],[25,43],[34,49],[34,62],[44,75],[36,6],[48,66],[53,68],[67,70],[58,56],[62,44],[90,19]]}