{"vertices":[[192,85],[173,95],[187,117],[155,95],[176,100],[195,140],[172,88],[94,89],[160,117],[153,99],[168,138],[115,95],[119,90],[141,107],[109,90],[121,111],[160,118],[111,118],[161,79],[138,104],[117,97],[143,87],[155,83],[102,68],[137,95],[146,105],[98,91],[174,100],[116,88],[139,85],[142,78],[114,89],[121,74],[121,71],[146,104],[119,109],[131,60],[105,102],[144,71],[122,84],[120,95],[134,109],[144,111],[122,84],[126,91],[136,91],[131,105],[91,116],[174,137],[150,86],[121,115],[155,113],[107,81],[146,146],[127,103],[81,69],[149,81],[150,117],[101,86],[70,100],[143,111],[182,101],[132,80],[95,119],[133,114]]}