{"vertices":[[23,30],[14,28],[17,34],[22,30],[51,38],[52,47],[64,44],[61,36],[64,44],[95,47],[85,54],[61,48],[87,42],[70,21],[95,46],[91,65],[108,0],[99,60],[122,22],[100,66],[33,66],[43,30],[61,92],[55,75],[38,30],[77,19],[42,33],[4,18],[57,34],[51,35],[37,44],[78,69],[58,45],[43,49],[30,41],[12,68],[21,38],[81,7],[49,29],[22,45],[85,31],[12,33],[23,39],[45,26],[70,25],[26,44],[20,33],[52,35],[35,12]]}