{"vertices":[[61,28],[47,44],[65,46],[97,70],[58,60],[78,59],[7,148],[77,61],[116,77],[85,77],[92,91],[31,138],[21,127],[104,88],[98,59],[73,85],[114,122],[24,123],[91,77],[92,96],[8,91],[42,117],[75,108],[12,125],[26,101],[36,130],[87,128],[87,121],[22,133],[91,97],[132,121],[130,113],[18,119],[109,109],[34,94],[19,110],[61,118],[106,86],[152,88],[41,120],[144,139],[42,119],[43,95],[35,46],[112,133],[51,149],[163,119],[90,117],[125,154],[156,57],[57,140],[57,103],[71,99],[68,118],[60,70],[29,15],[59,176],[150,88],[165,149],[151,169],[34,161],[30,98],[42,41],[31,66],[14,45]]}