{"vertices":[[51,22],[46,16],[29,21],[22,23],[62,12],[57,18],[40,21],[34,26],[20,30],[72,19],[65,19],[53,24],[46,26],[35,33],[28,30],[68,25],[61,26],[55,31],[44,33],[39,39],[65,31],[58,33],[51,37],[45,41],[35,44],[37,50],[63,39],[57,41],[51,45],[42,49],[35,52],[30,54],[65,46],[58,49],[49,52],[43,57],[29,56],[22,54],[69,52],[57,56],[51,59],[37,60],[30,63],[68,59],[61,62],[49,66],[42,66],[28,70],[21,72],[54,66],[51,73],[42,74],[35,72],[18,79],[55,79],[48,79],[30,77],[25,83]]}