{"vertices":[[45,36],[40,33],[54,41],[69,45],[45,44],[78,61],[91,67],[93,66],[59,43],[82,69],[87,69],[38,51],[97,72],[98,77],[98,79],[44,57],[88,72],[92,75],[30,57],[51,59],[92,76],[33,61],[81,69],[48,72],[84,91],[82,90],[75,90],[48,89],[80,92],[84,107],[86,108],[77,94],[78,94],[82,105],[77,99],[80,110],[73,101],[43,100],[54,105]]}