{"vertices":[[9,42],[35,133],[8,28],[29,134],[13,59],[10,149],[19,54],[15,149],[19,132],[15,43],[18,136],[23,126],[21,130],[45,70],[36,103],[38,109],[79,127],[76,134],[90,46],[71,131],[55,91],[58,106],[85,77],[98,49],[96,52],[85,55],[71,152],[79,67],[65,144],[88,48],[71,78],[70,86],[88,65],[71,65],[104,53],[101,55],[77,77],[72,81],[79,68],[107,50],[102,56],[83,75],[77,82],[105,46],[105,54],[79,63],[102,45],[78,59],[84,63],[83,68],[77,75],[79,63],[137,147],[142,149],[87,71],[81,70],[78,56],[140,141],[93,11],[80,49],[76,48],[90,66],[88,71],[102,31],[108,109],[100,14],[79,42],[155,155],[87,62],[89,66],[148,149],[99,14],[85,35],[95,5],[102,62],[155,10],[125,61],[111,71],[121,48],[151,31],[154,19],[117,63],[118,49],[148,41],[113,70],[107,73],[152,40],[112,65],[107,67],[123,72],[145,50],[118,75],[120,75],[122,78],[154,60],[148,63]]}