{"vertices":[[377,467],[286,492],[441,527],[399,530],[333,503],[502,554],[317,575],[361,502],[432,524],[331,493],[298,610],[342,553],[430,555],[420,498],[433,534],[408,492],[341,518],[412,530],[361,500],[363,608],[387,571],[391,512],[353,630],[416,562],[420,517],[411,496],[398,477],[370,505],[369,543],[314,482],[359,542],[333,547],[398,483],[332,495],[349,526],[401,453],[423,511],[401,518],[360,535],[309,562],[384,628],[349,538],[401,566],[431,450],[347,501],[413,550],[407,513],[395,518],[402,492],[377,563],[402,651],[324,574],[378,451],[388,513],[457,540],[360,593],[421,569],[418,563],[348,450],[373,516],[375,570],[397,563],[489,622],[363,502],[403,552],[374,450],[421,503],[401,527],[423,515],[322,476],[347,617],[462,716],[305,542],[362,525],[433,426],[388,464],[413,454],[390,599],[411,457],[358,498],[456,478],[377,568],[387,454],[403,386],[397,651],[388,559],[422,497],[424,680],[366,508],[410,583],[402,567],[316,429],[400,522],[305,524],[431,513],[369,494],[341,507],[403,495],[377,765],[407,441],[375,381],[389,456],[406,564],[319,480],[449,596],[351,616],[449,519],[454,713],[411,651],[369,434],[371,382],[360,500],[372,444],[319,684],[336,576],[427,574],[433,507],[394,568],[319,448],[353,309],[364,509],[421,631],[394,857],[380,544],[421,540],[450,713],[322,374],[413,446],[471,809],[481,659],[397,518],[380,534],[287,381],[430,573],[357,571],[364,384],[395,364],[478,595],[414,664],[328,442],[475,896],[456,611],[474,495],[327,464],[397,508],[319,448],[403,454],[389,494],[433,527],[353,565]]}