{"vertices":[[46,18],[42,27],[43,91],[71,40],[64,30],[55,61],[33,95],[59,39],[60,40],[68,31],[47,70],[57,29],[57,30],[65,21],[66,38],[43,60],[63,50],[71,44],[83,37],[86,47]]}