{"vertices":[[70,94],[73,98],[81,111],[84,108],[81,85],[83,93],[84,97],[56,121],[81,92],[83,92],[78,86],[44,121],[76,88],[67,118],[39,73],[16,42],[62,121],[13,44],[54,124],[0,31],[33,79],[14,77],[2,35],[11,43],[58,88],[19,73],[46,89],[50,114],[53,113],[37,97],[12,59],[8,37],[50,84],[7,42],[11,64],[6,35],[38,92],[44,106],[11,42],[58,73],[13,64],[44,102],[23,52],[14,60],[34,92],[52,92],[55,60],[19,49],[32,92],[49,78],[40,69],[17,42],[38,98],[54,47],[13,40],[45,86],[58,80],[22,44],[9,47],[20,47],[49,71],[48,97],[55,57],[44,98],[67,91],[22,130],[72,106],[60,73],[26,122],[53,95],[76,102],[51,72],[52,83],[65,82],[43,78],[85,137],[85,120],[49,74],[32,109],[81,120],[35,115],[57,88],[31,45],[40,110],[20,47],[60,72],[49,102],[22,50],[27,44],[63,77],[44,105],[33,68],[54,104],[42,71],[76,114],[20,56],[12,55],[21,59],[21,55],[21,60],[61,110],[58,110],[78,73],[82,73],[73,106],[20,63],[31,52],[74,100],[21,71],[37,53],[93,72],[91,69],[104,68]]}