{"vertices":[[51,100],[52,95],[31,94],[35,97],[65,96],[63,94],[65,98],[137,133],[72,96],[72,98],[72,90],[124,130],[75,90],[37,117],[96,166],[95,131],[31,119],[92,128],[135,180],[104,118],[95,156],[98,139],[106,122],[117,120],[103,137],[93,138],[91,129],[133,169],[136,168],[117,155],[76,128],[110,121],[84,128],[115,123],[71,126],[108,123],[113,158],[126,162],[118,121],[92,129],[97,127],[124,165],[85,120],[94,124],[72,118],[92,110],[98,140],[83,115],[72,116],[50,120],[47,131],[77,109],[62,117],[108,132],[80,106],[51,128],[101,121],[72,111],[70,124],[75,114],[40,138],[71,119],[99,131],[69,123],[90,132],[50,83],[105,82],[92,116],[59,85],[71,134],[110,85],[87,126],[82,136],[93,105],[91,118],[133,53],[120,65],[92,126],[58,70],[120,69],[54,63],[101,112],[76,107],[64,62],[72,94],[105,123],[71,73],[73,97],[78,104],[111,120],[69,67],[66,158],[69,77],[59,164],[73,85],[71,104],[64,106],[75,104],[84,115],[89,115],[69,86],[66,85],[122,113],[125,109],[81,83],[73,142],[77,124],[86,80],[66,142],[73,118],[135,104],[132,105],[142,111]]}