{"vertices":[[34,147],[19,165],[16,136],[48,135],[42,163],[25,50],[31,40],[35,70],[60,85],[36,131],[57,117],[30,51],[51,74],[41,58],[57,108],[20,77],[65,101],[51,30],[48,93],[37,92],[51,124],[66,93],[56,109],[89,94],[29,87],[55,56],[85,99],[59,114],[57,42],[63,110],[65,106],[77,98],[79,94],[74,103],[67,114],[72,59],[73,110],[84,101],[73,116],[68,52],[89,89],[79,117],[84,94],[78,110],[95,92],[95,71],[95,101],[87,118],[109,110],[89,53],[103,66],[84,48],[105,84],[116,61],[108,33],[97,47],[128,127],[88,142],[122,143],[105,55],[101,42],[129,55],[126,68],[115,157],[135,150]]}